// Jest Snapshot v1, https://goo.gl/fbAQLP

exports[`Testing al Cliente Es Fernando 1`] = `
Object {
  "balance": 500,
  "nombre": "Fernando",
  "tipo": "Premium",
}
`;
